// Vitest Snapshot v1, https://vitest.dev/guide/snapshot.html

exports[`buildBrief > emits orchestrate sections with the fixed FORBIDDEN list and .keel report path 1`] = `
"GOAL        修好登录空指针
SCOPE       可写：src/login.ts、tests/**。工作树：/repo/.worktrees/keel-run-1。只改 SCOPE 内文件。改完后只 git add 你改过的 SCOPE 内文件并 commit（不要 add .keel/），没有改动就不提交；不要 push。报告里的 head_sha 写 commit 之后的 HEAD。
CONTEXT     run run-1 / 节点 implement / attempt 2 / dispatch_key run-1:implement:2。PR acme/app#12。见 issue #4
ACCEPTANCE  SC-1: 复现用例转绿
VERIFY      npx vitest run tests/login.test.ts
TIMEBOX     45 分钟；到期交部分发现并停止，不要继续改
FORBIDDEN   禁止合并；禁止 force-push；禁止 rebase；禁止写域外文件；禁止调用 KEEL 的 keel_* 工具（由主控调用）；禁止改配置
REPORT      把完整报告写到 \`/repo/.worktrees/keel-run-1/.keel/implement-2.md\`：先一个 \`\`\`json fence（NodeReport：dispatch_key、status（只能是 done / partial / blocked / failed，做完且验收通过写 done）、summary、branch?、head_sha?、files_changed、functions_touched、changed_lines、ran、sc_evidence、findings?、verdict?（只能是 PASS / PASS+NOTES / FAIL）、next_suggestions?），后面接正文。sc_evidence 写 {SC id: true/false}，ACCEPTANCE 每条都要写，true 只给你本次实际跑过验证并通过的 SC（缺了编排判不了完成）。functions_touched 写实际改到的函数名（缺了编排会按已跨函数处理）；changed_lines 写新增+删除行数（缺了不能跳过最终复核）。ran 每项写 {cmd, exit_code, tests_passed}，tests_passed 照抄测试运行器总结行里“通过”的用例数；只列举、看版本、看帮助、只编译时写 0。给主控的回复只有 ≤20 行摘要和这个路径。
STANDING    不合并。"
`;

exports[`buildBrief > investigation briefs are read-only and inline, with no .keel path 1`] = `
"GOAL        修好登录空指针
SCOPE       只读。不建 worktree、不写源码。可读 acme/app。
CONTEXT     run run-1 / 节点 report / attempt 1 / dispatch_key run-1:report:1。PR acme/app#12。见 issue #4
ACCEPTANCE  SC-1: 复现用例转绿
VERIFY      npx vitest run tests/login.test.ts
TIMEBOX     20 分钟；到期交部分发现并停止，不要继续改
FORBIDDEN   禁止合并；禁止 force-push；禁止 rebase；禁止写域外文件；禁止调用 KEEL 的 keel_* 工具（由主控调用）；禁止改配置
REPORT      你的最后一条回复必须只包含一个 \`\`\`json fence 的完整 NodeReport：dispatch_key（必须是 run-1:report:1）、status（done|partial|blocked|failed）、summary、citation?、sc_evidence（{SC id: true/false}，ACCEPTANCE 每条都要写）、ran?、files_changed?。主控会把它原样交给 KEEL；你不要调用 keel_*，也不要写 .keel/。
STANDING    不合并。"
`;
